// Jest Snapshot v1, https://goo.gl/fbAQLP

exports[`Link changes the class when hovered 1`] = `
<div>
  <a
    class="normal"
    href="http://www.facebook.com"
  >
    Facebook
  </a>
</div>
`;
